==============================================================================
  new.py — GStreamer/NVDEC decode + TensorRT yolo11m.engine
  src 0 : /home/omar/misc/mediamtx/streams/cars1.mp4
  src 1 : /home/omar/misc/mediamtx/streams/cars2.mp4
  src 2 : /home/omar/misc/mediamtx/streams/cars3.mp4
  src 3 : /home/omar/misc/mediamtx/streams/dogs1.mp4
  src 4 : /home/omar/misc/mediamtx/streams/people1.mp4
  src 5 : /home/omar/misc/mediamtx/streams/people2.mp4
  src 6 : /home/omar/misc/mediamtx/streams/people3.mp4
  conf 0.50   nms 0.45   tracker off   mode headless (benchmark)
  recording -> /home/omar/luna/rtsp_trt/new.mp4   (30 fps playback)
==============================================================================
fps  [0]   0.0  [1]   0.0  [2]   0.0  [3]   0.0  [4]   0.0  [5]   0.0  [6]   0.0   |  TOTAL 0.0
fps  [0]   0.0  [1]   0.0  [2]   0.0  [3]   0.0  [4]   0.0  [5]   0.0  [6]   0.0   |  TOTAL 0.0
fps  [0]  41.3  [1]  41.3  [2]  41.8  [3]  42.0  [4]  42.2  [5]  42.5  [6]  42.7   |  TOTAL 293.8
fps  [0]  41.4  [1]  41.5  [2]  41.4  [3]  41.5  [4]  41.1  [5]  41.1  [6]  41.1   |  TOTAL 289.2
fps  [0]  41.4  [1]  41.4  [2]  41.4  [3]  41.4  [4]  41.5  [5]  41.5  [6]  41.5   |  TOTAL 290.1
fps  [0]  41.3  [1]  41.4  [2]  41.3  [3]  41.5  [4]  41.6  [5]  41.6  [6]  41.6   |  TOTAL 290.3
fps  [0]  41.4  [1]  41.4  [2]  41.4  [3]  41.4  [4]  41.4  [5]  41.4  [6]  41.4   |  TOTAL 290.0
fps  [0]  41.0  [1]  41.2  [2]  40.9  [3]  40.9  [4]  41.7  [5]  41.7  [6]  41.7   |  TOTAL 289.1
fps  [0]  41.3  [1]  41.3  [2]  41.3  [3]  41.3  [4]  41.3  [5]  41.3  [6]  41.4   |  TOTAL 289.3
fps  [0]  41.3  [1]  41.4  [2]  41.3  [3]  41.4  [4]  41.3  [5]  41.3  [6]  41.4   |  TOTAL 289.4
fps  [0]  41.6  [1]  41.5  [2]  41.6  [3]  41.6  [4]  41.4  [5]  41.4  [6]  41.4   |  TOTAL 290.5
fps  [0]  41.5  [1]  41.3  [2]  41.5  [3]  41.5  [4]  41.4  [5]  41.4  [6]  41.4   |  TOTAL 289.9
fps  [0]  41.3  [1]  41.3  [2]  41.4  [3]  41.4  [4]  41.2  [5]  41.2  [6]  41.1   |  TOTAL 289.0
fps  [0]  41.3  [1]  41.1  [2]  41.3  [3]  41.3  [4]  41.4  [5]  41.4  [6]  41.4   |  TOTAL 289.3
fps  [0]  41.4  [1]  41.3  [2]  41.0  [3]  41.0  [4]  40.9  [5]  40.9  [6]  40.9   |  TOTAL 287.3
fps  [0]  41.3  [1]  41.3  [2]  41.2  [3]  41.2  [4]  41.1  [5]  41.1  [6]  41.2   |  TOTAL 288.5
fps  [0]  41.3  [1]  41.3  [2]  41.3  [3]  41.3  [4]  41.3  [5]  41.3  [6]  41.3   |  TOTAL 289.2
fps  [0]  41.3  [1]  40.6  [2]  41.3  [3]  41.3  [4]  41.2  [5]  41.2  [6]  41.2   |  TOTAL 288.2
fps  [0]  41.3  [1]  48.5  [2]  48.6  [3]  48.6  [4]  48.6  [5]  48.6  [6]  48.6   |  TOTAL 332.8
fps  [0]   0.0  [1]  48.5  [2]  48.6  [3]  48.6  [4] 147.7  [5]  48.6  [6] 147.7   |  TOTAL 489.7
fps  [0]   0.0  [1]  48.5  [2]  48.6  [3]  48.6  [4] 147.5  [5]  48.6  [6] 147.5   |  TOTAL 489.3
fps  [0]   0.0  [1]   0.0  [2]   0.0  [3]   0.0  [4] 147.4  [5]   0.0  [6] 147.4   |  TOTAL 294.7
fps  [0]   0.0  [1]   0.0  [2]   0.0  [3]   0.0  [4] 147.0  [5]   0.0  [6] 147.0   |  TOTAL 294.0
fps  [0]   0.0  [1]   0.0  [2]   0.0  [3]   0.0  [4] 145.2  [5]   0.0  [6] 145.1   |  TOTAL 290.3
saved /home/omar/luna/rtsp_trt/new.mp4   (488 frames @ 30 fps)

==============================================================================
stream         frames   detections   active s      avg fps
------------------------------------------------------------------------------
src 0             663         3742       16.0         41.3
src 1             744         8765       17.8         41.8
src 2             744        10849       17.7         41.9
src 3             744         2819       17.7         41.9
src 4            1456        21158       22.6         64.4
src 5             745         3950       17.8         41.9
src 6            1456         8543       22.6         64.4
------------------------------------------------------------------------------
TOTAL            6552        59826       23.8        275.7   (aggregate)
==============================================================================
streams: 7  models: 1  batch_wait: 3000 µs
[Engine] 2 IO tensors:
  [0] images  mode=1  dims=[-1,3,640,640]
  [1] output0  mode=2  dims=[-1,84,8400]
[Engine] loaded: models/yolo11m.engine
  input  = "images"  max_batch=10  H=640 W=640  dynamic=1
  output = "output0"  attrs=84 anchors=8400  classes=80
  model 'det': 7/7 streams
models loaded: 1/1  preprocess groups: 1
[Stream 0] started: /home/omar/misc/mediamtx/streams/cars1.mp4
[Stream 1] started: /home/omar/misc/mediamtx/streams/cars2.mp4
[Stream 2] started: /home/omar/misc/mediamtx/streams/cars3.mp4
[Stream 3] started: /home/omar/misc/mediamtx/streams/dogs1.mp4
[Stream 4] started: /home/omar/misc/mediamtx/streams/people1.mp4
[Stream 5] started: /home/omar/misc/mediamtx/streams/people2.mp4
[Stream 6] started: /home/omar/misc/mediamtx/streams/people3.mp4
streams up: 7/7
Running — call stop() or Ctrl+C to stop
[Engine] captured CUDA graph (batch=1, 1 cached)
[Engine] captured CUDA graph (batch=7, 2 cached)
[Engine] captured CUDA graph (batch=7, 3 cached)
[Stream 0] EOS
[Engine] captured CUDA graph (batch=6, 4 cached)
[Engine] captured CUDA graph (batch=6, 5 cached)
[Stream 1] EOS
[Engine] captured CUDA graph (batch=5, 6 cached)
[Stream 2] EOS
[Stream 3] EOS
[Engine] captured CUDA graph (batch=3, 7 cached)
[Stream 5] EOS
[Engine] captured CUDA graph (batch=2, 8 cached)
[Engine] captured CUDA graph (batch=2, 9 cached)
[Stream 6] EOS
[Engine] captured CUDA graph (batch=1, 10 cached)
[Stream 4] EOS
Stopping...
