==============================================================================
  new.py — GStreamer/NVDEC decode + TensorRT yolo11n.engine
  src 0 : /home/omar/misc/mediamtx/streams/cars1.mp4
  src 1 : /home/omar/misc/mediamtx/streams/cars2.mp4
  src 2 : /home/omar/misc/mediamtx/streams/cars3.mp4
  src 3 : /home/omar/misc/mediamtx/streams/dogs1.mp4
  src 4 : /home/omar/misc/mediamtx/streams/people1.mp4
  src 5 : /home/omar/misc/mediamtx/streams/people2.mp4
  src 6 : /home/omar/misc/mediamtx/streams/people3.mp4
  conf 0.50   nms 0.45   tracker off   mode headless (benchmark)
  recording -> /home/omar/luna/rtsp_trt/new.mp4   (30 fps playback)
==============================================================================
fps  [0]   0.0  [1]   0.0  [2]   0.0  [3]   0.0  [4]   0.0  [5]   0.0  [6]   0.0   |  TOTAL 0.0
fps  [0]   0.0  [1]   0.0  [2]   0.0  [3]   0.0  [4]   0.0  [5]   0.0  [6]   0.0   |  TOTAL 0.0
fps  [0]  72.6  [1]  72.6  [2]  72.6  [3]  72.5  [4]  72.5  [5]  72.4  [6]  72.4   |  TOTAL 507.6
fps  [0]  74.7  [1]  74.7  [2]  74.7  [3]  74.6  [4]  74.8  [5]  74.8  [6]  74.9   |  TOTAL 523.2
fps  [0]  66.0  [1]  66.0  [2]  66.0  [3]  66.6  [4]  65.7  [5]  65.7  [6]  65.7   |  TOTAL 461.6
fps  [0]  65.3  [1]  65.3  [2]  65.3  [3]  65.4  [4]  65.4  [5]  65.4  [6]  65.4   |  TOTAL 457.5
fps  [0]  69.0  [1]  69.0  [2]  69.0  [3]  69.0  [4]  69.1  [5]  69.1  [6]  69.1   |  TOTAL 483.3
fps  [0]  72.8  [1]  72.8  [2]  72.8  [3]  73.1  [4]  72.9  [5]  72.9  [6]  72.9   |  TOTAL 510.1
fps  [0]  72.8  [1]  72.6  [2]  72.6  [3]  72.8  [4]  72.6  [5]  72.6  [6]  72.3   |  TOTAL 508.3
fps  [0]  74.8  [1]  74.8  [2]  74.9  [3]  74.8  [4]  74.9  [5]  74.9  [6]  74.9   |  TOTAL 524.0
fps  [0]  71.3  [1]  71.3  [2]  71.3  [3]  71.3  [4]  71.4  [5]  71.4  [6]  71.4   |  TOTAL 499.4
fps  [0]  63.1  [1]  62.9  [2]  62.9  [3]  63.1  [4]  62.9  [5]  62.9  [6]  63.0   |  TOTAL 440.7
fps  [0]  75.0  [1]  74.8  [2]  74.7  [3]  74.9  [4]  74.7  [5]  74.7  [6]  74.8   |  TOTAL 523.6
fps  [0]  73.2  [1]  76.5  [2]  76.5  [3]  75.9  [4]  76.5  [5]  76.5  [6]  76.5   |  TOTAL 531.5
fps  [0]  73.2  [1]  83.5  [2]  83.5  [3]  83.3  [4]  83.5  [5]  83.5  [6]  83.5   |  TOTAL 574.0
fps  [0]   0.0  [1]  87.1  [2]  87.2  [3]  87.1  [4] 109.7  [5] 109.7  [6] 109.7   |  TOTAL 590.5
fps  [0]   0.0  [1]  87.1  [2]  87.2  [3]  87.1  [4] 271.8  [5] 109.7  [6] 270.9   |  TOTAL 913.8
fps  [0]   0.0  [1]   0.0  [2]   0.0  [3]   0.0  [4] 282.3  [5] 109.7  [6] 282.1   |  TOTAL 674.1
fps  [0]   0.0  [1]   0.0  [2]   0.0  [3]   0.0  [4] 261.2  [5]   0.0  [6] 261.3   |  TOTAL 522.4
saved /home/omar/luna/rtsp_trt/new.mp4   (395 frames @ 30 fps)

==============================================================================
stream         frames   detections   active s      avg fps
------------------------------------------------------------------------------
src 0             859         3721       12.0         71.7
src 1            1017        11078       13.8         73.5
src 2            1041        10749       14.1         73.9
src 3            1045         2467       14.1         73.9
src 4            2076        17900       18.1        114.4
src 5            1113         2296       14.5         76.6
src 6            2129         8834       18.2        116.8
------------------------------------------------------------------------------
TOTAL            9280        57045       19.3        480.2   (aggregate)
==============================================================================
streams: 7  models: 1  batch_wait: 3000 µs
[Engine] 2 IO tensors:
  [0] images  mode=1  dims=[-1,3,640,640]
  [1] output0  mode=2  dims=[-1,84,8400]
[Engine] loaded: models/yolo11n.engine
  input  = "images"  max_batch=10  H=640 W=640  dynamic=1
  output = "output0"  attrs=84 anchors=8400  classes=80
  model 'det': 7/7 streams
models loaded: 1/1  preprocess groups: 1
[Stream 0] started: /home/omar/misc/mediamtx/streams/cars1.mp4
[Stream 1] started: /home/omar/misc/mediamtx/streams/cars2.mp4
[Stream 2] started: /home/omar/misc/mediamtx/streams/cars3.mp4
[Stream 3] started: /home/omar/misc/mediamtx/streams/dogs1.mp4
[Stream 4] started: /home/omar/misc/mediamtx/streams/people1.mp4
[Stream 5] started: /home/omar/misc/mediamtx/streams/people2.mp4
[Stream 6] started: /home/omar/misc/mediamtx/streams/people3.mp4
streams up: 7/7
Running — call stop() or Ctrl+C to stop
[Engine] captured CUDA graph (batch=1, 1 cached)
[Engine] captured CUDA graph (batch=7, 2 cached)
[Engine] captured CUDA graph (batch=7, 3 cached)
[Stream 0] EOS
[Engine] captured CUDA graph (batch=6, 4 cached)
[Engine] captured CUDA graph (batch=6, 5 cached)
[Stream 1] EOS
[Engine] captured CUDA graph (batch=5, 6 cached)
[Engine] captured CUDA graph (batch=5, 7 cached)
[Stream 2] EOS
[Engine] captured CUDA graph (batch=4, 8 cached)
[Engine] captured CUDA graph (batch=4, 9 cached)
[Stream 3] EOS
[Engine] captured CUDA graph (batch=3, 10 cached)
[Engine] captured CUDA graph (batch=3, 11 cached)
[Stream 5] EOS
[Engine] captured CUDA graph (batch=2, 12 cached)
[Engine] captured CUDA graph (batch=2, 13 cached)
[Stream 4] EOS
[Engine] captured CUDA graph (batch=1, 14 cached)
[Stream 6] EOS
Stopping...
