==============================================================================
  ocv.py — OpenCV VideoCapture (CPU/FFmpeg) decode + ultralytics yolo11m.pt
  src 0 : /home/omar/misc/mediamtx/streams/cars1.mp4
  src 1 : /home/omar/misc/mediamtx/streams/cars2.mp4
  src 2 : /home/omar/misc/mediamtx/streams/cars3.mp4
  src 3 : /home/omar/misc/mediamtx/streams/dogs1.mp4
  src 4 : /home/omar/misc/mediamtx/streams/people1.mp4
  src 5 : /home/omar/misc/mediamtx/streams/people2.mp4
  src 6 : /home/omar/misc/mediamtx/streams/people3.mp4
  conf 0.50   nms 0.45   imgsz 640   device 0   fp16
  recording -> /home/omar/luna/rtsp_trt/ocv.mp4   (30 fps playback)
==============================================================================
[src 0] open  /home/omar/misc/mediamtx/streams/cars1.mp4
fps  [0]   0.0  [1]   0.0  [2]   0.0  [3]   0.0  [4]   0.0  [5]   0.0  [6]   0.0   |  TOTAL 0.0
[src 1] open  /home/omar/misc/mediamtx/streams/cars2.mp4
[src 3] open  /home/omar/misc/mediamtx/streams/dogs1.mp4
[src 5] open  /home/omar/misc/mediamtx/streams/people2.mp4
[src 2] open  /home/omar/misc/mediamtx/streams/cars3.mp4
[src 6] open  /home/omar/misc/mediamtx/streams/people3.mp4
[src 4] open  /home/omar/misc/mediamtx/streams/people1.mp4
fps  [0]   0.0  [1]   0.0  [2]   0.0  [3]   0.0  [4]   0.0  [5]   0.0  [6]   0.0   |  TOTAL 0.0
fps  [0]  26.3  [1]  26.3  [2]  26.3  [3]  26.3  [4]  26.3  [5]  26.3  [6]  26.3   |  TOTAL 183.8
fps  [0]  26.6  [1]  26.6  [2]  26.6  [3]  26.6  [4]  26.6  [5]  26.6  [6]  26.6   |  TOTAL 186.5
fps  [0]  26.4  [1]  26.4  [2]  26.4  [3]  26.4  [4]  26.4  [5]  26.4  [6]  26.4   |  TOTAL 184.6
fps  [0]  26.2  [1]  26.2  [2]  26.2  [3]  26.2  [4]  26.2  [5]  26.2  [6]  26.2   |  TOTAL 183.2
fps  [0]  27.2  [1]  27.2  [2]  27.2  [3]  27.2  [4]  27.2  [5]  27.2  [6]  27.2   |  TOTAL 190.7
fps  [0]  27.1  [1]  27.1  [2]  27.1  [3]  27.1  [4]  27.1  [5]  27.1  [6]  27.1   |  TOTAL 189.4
fps  [0]  26.9  [1]  26.9  [2]  26.9  [3]  26.9  [4]  26.9  [5]  26.9  [6]  26.9   |  TOTAL 188.0
fps  [0]  26.9  [1]  26.9  [2]  26.9  [3]  26.9  [4]  26.9  [5]  26.9  [6]  26.9   |  TOTAL 188.2
fps  [0]  26.0  [1]  26.0  [2]  26.0  [3]  26.0  [4]  26.0  [5]  26.0  [6]  26.0   |  TOTAL 182.3
fps  [0]  26.5  [1]  26.5  [2]  26.5  [3]  26.5  [4]  26.5  [5]  26.5  [6]  26.5   |  TOTAL 185.3
fps  [0]  26.3  [1]  26.3  [2]  26.3  [3]  26.3  [4]  26.3  [5]  26.3  [6]  26.3   |  TOTAL 184.1
fps  [0]  26.7  [1]  26.7  [2]  26.7  [3]  26.7  [4]  26.7  [5]  26.7  [6]  26.7   |  TOTAL 186.7
fps  [0]  26.3  [1]  26.3  [2]  26.3  [3]  26.3  [4]  26.3  [5]  26.3  [6]  26.3   |  TOTAL 184.0
fps  [0]  26.9  [1]  26.9  [2]  26.9  [3]  26.9  [4]  26.9  [5]  26.9  [6]  26.9   |  TOTAL 188.5
fps  [0]  26.3  [1]  26.3  [2]  26.3  [3]  26.3  [4]  26.3  [5]  26.3  [6]  26.3   |  TOTAL 184.0
fps  [0]  26.9  [1]  26.9  [2]  26.9  [3]  26.9  [4]  26.9  [5]  26.9  [6]  26.9   |  TOTAL 188.3
fps  [0]  26.7  [1]  26.7  [2]  26.7  [3]  26.7  [4]  26.7  [5]  26.7  [6]  26.7   |  TOTAL 186.8
fps  [0]  26.5  [1]  26.5  [2]  26.5  [3]  26.5  [4]  26.5  [5]  26.5  [6]  26.5   |  TOTAL 185.4
fps  [0]  25.3  [1]  25.3  [2]  25.3  [3]  25.3  [4]  25.3  [5]  25.3  [6]  25.3   |  TOTAL 176.9
fps  [0]  26.3  [1]  26.3  [2]  26.3  [3]  26.3  [4]  26.3  [5]  26.3  [6]  26.3   |  TOTAL 184.0
fps  [0]  26.5  [1]  26.5  [2]  26.5  [3]  26.5  [4]  26.5  [5]  26.5  [6]  26.5   |  TOTAL 185.2
fps  [0]  25.6  [1]  25.6  [2]  25.6  [3]  25.6  [4]  25.6  [5]  25.6  [6]  25.6   |  TOTAL 179.4
fps  [0]  26.0  [1]  26.0  [2]  26.0  [3]  26.0  [4]  26.0  [5]  26.0  [6]  26.0   |  TOTAL 182.0
fps  [0]  26.3  [1]  26.3  [2]  26.3  [3]  26.3  [4]  26.3  [5]  26.3  [6]  26.3   |  TOTAL 184.1
fps  [0]  26.3  [1]  26.3  [2]  26.3  [3]  26.3  [4]  26.3  [5]  26.3  [6]  26.3   |  TOTAL 184.0
fps  [0]  26.6  [1]  26.6  [2]  26.6  [3]  26.6  [4]  26.6  [5]  26.6  [6]  26.6   |  TOTAL 186.1
fps  [0]  25.8  [1]  25.8  [2]  25.8  [3]  25.8  [4]  25.8  [5]  25.8  [6]  25.8   |  TOTAL 180.4
fps  [0]  25.9  [1]  25.9  [2]  25.9  [3]  25.9  [4]  25.9  [5]  25.9  [6]  25.9   |  TOTAL 181.6
fps  [0]  26.7  [1]  26.7  [2]  26.7  [3]  26.7  [4]  26.7  [5]  26.7  [6]  26.7   |  TOTAL 186.7
fps  [0]  26.7  [1]  26.7  [2]  26.7  [3]  26.7  [4]  26.7  [5]  26.7  [6]  26.7   |  TOTAL 186.8
fps  [0]  26.1  [1]  26.1  [2]  26.1  [3]  26.1  [4]  26.1  [5]  26.1  [6]  26.1   |  TOTAL 182.5
fps  [0]  26.3  [1]  26.3  [2]  26.3  [3]  26.3  [4]  26.3  [5]  26.3  [6]  26.3   |  TOTAL 184.0
fps  [0]  25.7  [1]  25.7  [2]  25.7  [3]  25.7  [4]  25.7  [5]  25.7  [6]  25.7   |  TOTAL 179.9
fps  [0]  27.1  [1]  27.1  [2]  27.1  [3]  27.1  [4]  27.1  [5]  27.1  [6]  27.1   |  TOTAL 190.0
fps  [0]  25.7  [1]  25.7  [2]  25.7  [3]  25.7  [4]  25.7  [5]  25.7  [6]  25.7   |  TOTAL 179.6
fps  [0]  26.9  [1]  26.9  [2]  26.9  [3]  26.9  [4]  26.9  [5]  26.9  [6]  26.9   |  TOTAL 188.5
fps  [0]  26.2  [1]  26.2  [2]  26.2  [3]  26.2  [4]  26.2  [5]  26.2  [6]  26.2   |  TOTAL 183.5
fps  [0]  26.3  [1]  26.3  [2]  26.3  [3]  26.3  [4]  26.3  [5]  26.3  [6]  26.3   |  TOTAL 184.1
fps  [0]  25.8  [1]  25.8  [2]  25.8  [3]  25.8  [4]  25.8  [5]  25.8  [6]  25.8   |  TOTAL 180.9
fps  [0]  25.9  [1]  25.9  [2]  25.9  [3]  25.9  [4]  25.9  [5]  25.9  [6]  25.9   |  TOTAL 181.5
fps  [0]  26.2  [1]  26.2  [2]  26.2  [3]  26.2  [4]  26.2  [5]  26.2  [6]  26.2   |  TOTAL 183.2
fps  [0]  25.9  [1]  25.9  [2]  25.9  [3]  25.9  [4]  25.9  [5]  25.9  [6]  25.9   |  TOTAL 181.1
fps  [0]  26.1  [1]  26.1  [2]  26.1  [3]  26.1  [4]  26.1  [5]  26.1  [6]  26.1   |  TOTAL 182.4
fps  [0]  25.1  [1]  25.1  [2]  25.1  [3]  25.1  [4]  25.1  [5]  25.1  [6]  25.1   |  TOTAL 175.5
fps  [0]  25.7  [1]  25.7  [2]  25.7  [3]  25.7  [4]  25.7  [5]  25.7  [6]  25.7   |  TOTAL 180.1
fps  [0]  26.7  [1]  26.7  [2]  26.7  [3]  26.7  [4]  26.7  [5]  26.7  [6]  26.7   |  TOTAL 186.8
fps  [0]  26.6  [1]  26.6  [2]  26.6  [3]  26.6  [4]  26.6  [5]  26.6  [6]  26.6   |  TOTAL 185.9
fps  [0]  26.1  [1]  26.1  [2]  26.1  [3]  26.1  [4]  26.1  [5]  26.1  [6]  26.1   |  TOTAL 182.6
fps  [0]  25.8  [1]  25.8  [2]  25.8  [3]  25.8  [4]  25.8  [5]  25.8  [6]  25.8   |  TOTAL 180.7
fps  [0]  26.5  [1]  26.5  [2]  26.5  [3]  26.5  [4]  26.5  [5]  26.5  [6]  26.5   |  TOTAL 185.5
fps  [0]  26.1  [1]  26.1  [2]  26.1  [3]  26.1  [4]  26.1  [5]  26.1  [6]  26.1   |  TOTAL 182.8
fps  [0]  25.5  [1]  25.5  [2]  25.5  [3]  25.5  [4]  25.5  [5]  25.5  [6]  25.5   |  TOTAL 178.8
fps  [0]  26.5  [1]  26.5  [2]  26.5  [3]  26.5  [4]  26.5  [5]  26.5  [6]  26.5   |  TOTAL 185.2
fps  [0]  26.3  [1]  26.3  [2]  26.3  [3]  26.3  [4]  26.3  [5]  26.3  [6]  26.3   |  TOTAL 184.2
fps  [0]  25.9  [1]  25.9  [2]  25.9  [3]  25.9  [4]  25.9  [5]  25.9  [6]  25.9   |  TOTAL 181.6
[src 0] ended
fps  [0]  26.3  [1]  26.3  [2]  26.3  [3]  26.3  [4]  26.3  [5]  26.3  [6]  26.3   |  TOTAL 184.4
fps  [0]  26.3  [1]  31.8  [2]  31.8  [3]  31.8  [4]  31.8  [5]  31.8  [6]  31.8   |  TOTAL 217.3
fps  [0]   0.0  [1]  31.7  [2]  31.7  [3]  31.7  [4]  31.7  [5]  31.7  [6]  31.7   |  TOTAL 190.1
fps  [0]   0.0  [1]  31.6  [2]  31.6  [3]  31.6  [4]  31.6  [5]  31.6  [6]  31.6   |  TOTAL 189.6
fps  [0]   0.0  [1]  31.5  [2]  31.5  [3]  31.5  [4]  31.5  [5]  31.5  [6]  31.5   |  TOTAL 188.8
fps  [0]   0.0  [1]  31.3  [2]  31.3  [3]  31.3  [4]  31.3  [5]  31.3  [6]  31.3   |  TOTAL 187.8
fps  [0]   0.0  [1]  31.0  [2]  31.0  [3]  31.0  [4]  31.0  [5]  31.0  [6]  31.0   |  TOTAL 185.7
fps  [0]   0.0  [1]  31.9  [2]  31.9  [3]  31.9  [4]  31.9  [5]  31.9  [6]  31.9   |  TOTAL 191.2
fps  [0]   0.0  [1]  31.1  [2]  31.1  [3]  31.1  [4]  31.1  [5]  31.1  [6]  31.1   |  TOTAL 186.5
fps  [0]   0.0  [1]  31.7  [2]  31.7  [3]  31.7  [4]  31.7  [5]  31.7  [6]  31.7   |  TOTAL 190.5
[src 3] ended
[src 2] ended
[src 1] ended
fps  [0]   0.0  [1]  31.0  [2]  31.0  [3]  31.0  [4]  31.0  [5]  31.0  [6]  31.0   |  TOTAL 185.9
[src 5] ended
fps  [0]   0.0  [1]  12.2  [2]  12.2  [3]  31.0  [4]   1.7  [5]   1.7  [6]   1.7   |  TOTAL 60.5
fps  [0]   0.0  [1]  12.2  [2]  12.2  [3]   0.0  [4]  84.5  [5]   1.7  [6]  84.5   |  TOTAL 195.1

interrupted
[src 4] ended
[src 6] ended
saved /home/omar/luna/rtsp_trt/ocv.mp4   (1440 frames @ 30 fps)

==============================================================================
stream         frames   detections   active s      avg fps
------------------------------------------------------------------------------
src 0            1501         8472       57.7         26.0
src 1            1800        20894       67.8         26.5
src 2            1800        24683       67.8         26.5
src 3            1799         6607       67.2         26.8
src 4            1949        24382       70.7         27.6
src 5            1808         9361       68.5         26.4
src 6            1949         9947       70.7         27.6
------------------------------------------------------------------------------
TOTAL           12606       104346       71.9        175.4   (aggregate)
==============================================================================
