==============================================================================
  ocv.py — OpenCV VideoCapture (CPU/FFmpeg) decode + ultralytics yolo11n.pt
  src 0 : /home/omar/misc/mediamtx/streams/cars1.mp4
  src 1 : /home/omar/misc/mediamtx/streams/cars2.mp4
  src 2 : /home/omar/misc/mediamtx/streams/cars3.mp4
  src 3 : /home/omar/misc/mediamtx/streams/dogs1.mp4
  src 4 : /home/omar/misc/mediamtx/streams/people1.mp4
  src 5 : /home/omar/misc/mediamtx/streams/people2.mp4
  src 6 : /home/omar/misc/mediamtx/streams/people3.mp4
  conf 0.50   nms 0.45   imgsz 640   device 0   fp16
  recording -> /home/omar/luna/rtsp_trt/ocv.mp4   (30 fps playback)
==============================================================================
[src 0] open  /home/omar/misc/mediamtx/streams/cars1.mp4
fps  [0]   0.0  [1]   0.0  [2]   0.0  [3]   0.0  [4]   0.0  [5]   0.0  [6]   0.0   |  TOTAL 0.0
[src 1] open  /home/omar/misc/mediamtx/streams/cars2.mp4
[src 3] open  /home/omar/misc/mediamtx/streams/dogs1.mp4
[src 5] open  /home/omar/misc/mediamtx/streams/people2.mp4
[src 2] open  /home/omar/misc/mediamtx/streams/cars3.mp4
[src 6] open  /home/omar/misc/mediamtx/streams/people3.mp4
[src 4] open  /home/omar/misc/mediamtx/streams/people1.mp4
fps  [0]   0.0  [1]   0.0  [2]   0.0  [3]   0.0  [4]   0.0  [5]   0.0  [6]   0.0   |  TOTAL 0.0
fps  [0]  52.8  [1]  52.8  [2]  52.8  [3]  52.8  [4]  52.8  [5]  52.8  [6]  52.8   |  TOTAL 369.5
fps  [0]  54.2  [1]  54.2  [2]  54.2  [3]  54.2  [4]  54.2  [5]  54.2  [6]  54.2   |  TOTAL 379.4
fps  [0]  52.1  [1]  52.1  [2]  52.1  [3]  52.1  [4]  52.1  [5]  52.1  [6]  52.1   |  TOTAL 364.9
fps  [0]  53.3  [1]  53.3  [2]  53.3  [3]  53.3  [4]  53.3  [5]  53.3  [6]  53.3   |  TOTAL 373.1
fps  [0]  52.8  [1]  52.8  [2]  52.8  [3]  52.8  [4]  52.8  [5]  52.8  [6]  52.8   |  TOTAL 369.8
fps  [0]  51.8  [1]  51.8  [2]  51.8  [3]  51.8  [4]  51.8  [5]  51.8  [6]  51.8   |  TOTAL 362.6
fps  [0]  50.8  [1]  50.8  [2]  50.8  [3]  50.8  [4]  50.8  [5]  50.8  [6]  50.8   |  TOTAL 355.3
fps  [0]  51.3  [1]  51.3  [2]  51.3  [3]  51.3  [4]  51.3  [5]  51.3  [6]  51.3   |  TOTAL 359.3
fps  [0]  53.0  [1]  53.0  [2]  53.0  [3]  53.0  [4]  53.0  [5]  53.0  [6]  53.0   |  TOTAL 370.9
fps  [0]  52.2  [1]  52.2  [2]  52.2  [3]  52.2  [4]  52.2  [5]  52.2  [6]  52.2   |  TOTAL 365.3
fps  [0]  49.7  [1]  49.7  [2]  49.7  [3]  49.7  [4]  49.7  [5]  49.7  [6]  49.7   |  TOTAL 347.8
fps  [0]  51.2  [1]  51.2  [2]  51.2  [3]  51.2  [4]  51.2  [5]  51.2  [6]  51.2   |  TOTAL 358.3
fps  [0]  51.8  [1]  51.8  [2]  51.8  [3]  51.8  [4]  51.8  [5]  51.8  [6]  51.8   |  TOTAL 362.8
fps  [0]  53.8  [1]  53.8  [2]  53.8  [3]  53.8  [4]  53.8  [5]  53.8  [6]  53.8   |  TOTAL 376.6
fps  [0]  53.9  [1]  53.9  [2]  53.9  [3]  53.9  [4]  53.9  [5]  53.9  [6]  53.9   |  TOTAL 377.1
fps  [0]  50.8  [1]  50.8  [2]  50.8  [3]  50.8  [4]  50.8  [5]  50.8  [6]  50.8   |  TOTAL 355.8
fps  [0]  52.3  [1]  52.3  [2]  52.3  [3]  52.3  [4]  52.3  [5]  52.3  [6]  52.3   |  TOTAL 365.9
fps  [0]  54.0  [1]  54.0  [2]  54.0  [3]  54.0  [4]  54.0  [5]  54.0  [6]  54.0   |  TOTAL 377.7
fps  [0]  51.5  [1]  51.5  [2]  51.5  [3]  51.5  [4]  51.5  [5]  51.5  [6]  51.5   |  TOTAL 360.5
fps  [0]  50.7  [1]  50.7  [2]  50.7  [3]  50.7  [4]  50.7  [5]  50.7  [6]  50.7   |  TOTAL 355.1
fps  [0]  49.0  [1]  49.0  [2]  49.0  [3]  49.0  [4]  49.0  [5]  49.0  [6]  49.0   |  TOTAL 343.1
fps  [0]  53.5  [1]  53.5  [2]  53.5  [3]  53.5  [4]  53.5  [5]  53.5  [6]  53.5   |  TOTAL 374.7
fps  [0]  50.8  [1]  50.8  [2]  50.8  [3]  50.8  [4]  50.8  [5]  50.8  [6]  50.8   |  TOTAL 355.7
fps  [0]  49.5  [1]  49.5  [2]  49.5  [3]  49.5  [4]  49.5  [5]  49.5  [6]  49.5   |  TOTAL 346.7
fps  [0]  47.8  [1]  47.8  [2]  47.8  [3]  47.8  [4]  47.8  [5]  47.8  [6]  47.8   |  TOTAL 334.9
fps  [0]  52.4  [1]  52.4  [2]  52.4  [3]  52.4  [4]  52.4  [5]  52.4  [6]  52.4   |  TOTAL 367.0
fps  [0]  51.4  [1]  51.4  [2]  51.4  [3]  51.4  [4]  51.4  [5]  51.4  [6]  51.4   |  TOTAL 359.8
fps  [0]  53.9  [1]  53.9  [2]  53.9  [3]  53.9  [4]  53.9  [5]  53.9  [6]  53.9   |  TOTAL 377.3
[src 0] ended
fps  [0]  52.3  [1]  52.3  [2]  52.3  [3]  52.3  [4]  52.3  [5]  52.3  [6]  52.3   |  TOTAL 365.8
fps  [0]  52.3  [1]  60.8  [2]  60.8  [3]  60.8  [4]  60.8  [5]  60.8  [6]  60.8   |  TOTAL 417.1
fps  [0]   0.0  [1]  57.7  [2]  57.7  [3]  57.7  [4]  57.7  [5]  57.7  [6]  57.7   |  TOTAL 346.4
fps  [0]   0.0  [1]  60.5  [2]  60.5  [3]  60.5  [4]  60.5  [5]  60.5  [6]  60.5   |  TOTAL 363.3
fps  [0]   0.0  [1]  59.3  [2]  59.3  [3]  59.3  [4]  59.3  [5]  59.3  [6]  59.3   |  TOTAL 355.6
fps  [0]   0.0  [1]  60.8  [2]  60.8  [3]  60.8  [4]  60.8  [5]  60.8  [6]  60.8   |  TOTAL 364.6
[src 3] ended
[src 1] ended
[src 2] ended
fps  [0]   0.0  [1]  22.2  [2]  22.2  [3]  60.8  [4]  22.2  [5]  22.2  [6]  22.2   |  TOTAL 171.7
[src 5] ended
fps  [0]   0.0  [1]  22.2  [2]  22.2  [3]  60.8  [4]   1.7  [5]   1.7  [6]   1.7   |  TOTAL 110.3
fps  [0]   0.0  [1]   0.0  [2]   0.0  [3]   0.0  [4] 125.3  [5]   1.7  [6] 125.3   |  TOTAL 252.4
fps  [0]   0.0  [1]   0.0  [2]   0.0  [3]   0.0  [4] 128.9  [5]   0.0  [6] 128.9   |  TOTAL 257.8
fps  [0]   0.0  [1]   0.0  [2]   0.0  [3]   0.0  [4] 131.6  [5]   0.0  [6] 131.6   |  TOTAL 263.1
fps  [0]   0.0  [1]   0.0  [2]   0.0  [3]   0.0  [4] 125.3  [5]   0.0  [6] 125.3   |  TOTAL 250.5
fps  [0]   0.0  [1]   0.0  [2]   0.0  [3]   0.0  [4] 127.3  [5]   0.0  [6] 127.3   |  TOTAL 254.6
fps  [0]   0.0  [1]   0.0  [2]   0.0  [3]   0.0  [4] 115.6  [5]   0.0  [6] 115.6   |  TOTAL 231.2
fps  [0]   0.0  [1]   0.0  [2]   0.0  [3]   0.0  [4] 131.6  [5]   0.0  [6] 131.6   |  TOTAL 263.3
fps  [0]   0.0  [1]   0.0  [2]   0.0  [3]   0.0  [4] 131.8  [5]   0.0  [6] 131.8   |  TOTAL 263.7
fps  [0]   0.0  [1]   0.0  [2]   0.0  [3]   0.0  [4] 120.8  [5]   0.0  [6] 120.8   |  TOTAL 241.5
fps  [0]   0.0  [1]   0.0  [2]   0.0  [3]   0.0  [4] 128.7  [5]   0.0  [6] 128.7   |  TOTAL 257.4
fps  [0]   0.0  [1]   0.0  [2]   0.0  [3]   0.0  [4] 139.3  [5]   0.0  [6] 139.3   |  TOTAL 278.5
fps  [0]   0.0  [1]   0.0  [2]   0.0  [3]   0.0  [4] 124.0  [5]   0.0  [6] 124.0   |  TOTAL 247.9
fps  [0]   0.0  [1]   0.0  [2]   0.0  [3]   0.0  [4] 132.5  [5]   0.0  [6] 132.5   |  TOTAL 265.0
[src 6] ended
[src 4] ended
saved /home/omar/luna/rtsp_trt/ocv.mp4   (1024 frames @ 30 fps)

==============================================================================
stream         frames   detections   active s      avg fps
------------------------------------------------------------------------------
src 0            1501         6466       29.8         50.4
src 1            1800        19518       35.5         50.6
src 2            1800        17261       35.5         50.6
src 3            1799         4320       34.7         51.8
src 4            3624        29280       50.8         71.3
src 5            1808         3582       36.2         49.9
src 6            3610        14684       50.7         71.1
------------------------------------------------------------------------------
TOTAL           15942        95111       52.3        305.0   (aggregate)
==============================================================================
