==============================================================================
  old.py — GStreamer/NVDEC decode + ultralytics yolo11n.pt
  src 0 : /home/omar/misc/mediamtx/streams/cars1.mp4
  src 1 : /home/omar/misc/mediamtx/streams/cars2.mp4
  src 2 : /home/omar/misc/mediamtx/streams/cars3.mp4
  src 3 : /home/omar/misc/mediamtx/streams/dogs1.mp4
  src 4 : /home/omar/misc/mediamtx/streams/people1.mp4
  src 5 : /home/omar/misc/mediamtx/streams/people2.mp4
  src 6 : /home/omar/misc/mediamtx/streams/people3.mp4
  conf 0.50   nms 0.45   imgsz 640   device 0   fp16
  recording -> /home/omar/luna/rtsp_trt/old.mp4   (30 fps playback)
==============================================================================
[src 0] open  /home/omar/misc/mediamtx/streams/cars1.mp4
[src 3] open  /home/omar/misc/mediamtx/streams/dogs1.mp4
[src 4] open  /home/omar/misc/mediamtx/streams/people1.mp4
[src 1] open  /home/omar/misc/mediamtx/streams/cars2.mp4
[src 2] open  /home/omar/misc/mediamtx/streams/cars3.mp4
[src 6] open  /home/omar/misc/mediamtx/streams/people3.mp4
[src 5] open  /home/omar/misc/mediamtx/streams/people2.mp4
fps  [0]   0.0  [1]   0.0  [2]   0.0  [3]   0.0  [4]   0.0  [5]   0.0  [6]   0.0   |  TOTAL 0.0
fps  [0]   0.0  [1]   0.0  [2]   0.0  [3]   0.0  [4]   0.0  [5]   0.0  [6]   0.0   |  TOTAL 0.0
fps  [0]  38.4  [1]  38.4  [2]  38.4  [3]  38.4  [4]  38.4  [5]  38.4  [6]  38.4   |  TOTAL 268.6
fps  [0]  36.6  [1]  36.6  [2]  36.6  [3]  36.6  [4]  36.6  [5]  36.6  [6]  36.6   |  TOTAL 256.1
fps  [0]  38.3  [1]  38.3  [2]  38.3  [3]  38.3  [4]  38.3  [5]  38.3  [6]  38.3   |  TOTAL 267.8
fps  [0]  37.7  [1]  37.7  [2]  37.7  [3]  37.7  [4]  37.7  [5]  37.7  [6]  37.7   |  TOTAL 264.0
fps  [0]  37.8  [1]  37.8  [2]  37.8  [3]  37.8  [4]  37.8  [5]  37.8  [6]  37.8   |  TOTAL 264.3
fps  [0]  37.8  [1]  37.8  [2]  37.8  [3]  37.8  [4]  37.8  [5]  37.8  [6]  37.8   |  TOTAL 264.3
fps  [0]  40.9  [1]  40.9  [2]  40.9  [3]  40.9  [4]  40.9  [5]  40.9  [6]  40.9   |  TOTAL 286.4
fps  [0]  39.3  [1]  39.3  [2]  39.3  [3]  39.3  [4]  39.3  [5]  39.3  [6]  39.3   |  TOTAL 274.8
fps  [0]  39.3  [1]  39.3  [2]  39.3  [3]  39.3  [4]  39.3  [5]  39.3  [6]  39.3   |  TOTAL 275.3
fps  [0]  37.3  [1]  37.3  [2]  37.3  [3]  37.3  [4]  37.3  [5]  37.3  [6]  37.3   |  TOTAL 260.9
fps  [0]  37.9  [1]  37.9  [2]  37.9  [3]  37.9  [4]  37.9  [5]  37.9  [6]  37.9   |  TOTAL 265.6
fps  [0]  39.1  [1]  39.1  [2]  39.1  [3]  39.1  [4]  39.1  [5]  39.1  [6]  39.1   |  TOTAL 273.6
fps  [0]  39.4  [1]  39.4  [2]  39.4  [3]  39.4  [4]  39.4  [5]  39.4  [6]  39.4   |  TOTAL 276.0
fps  [0]  38.2  [1]  38.2  [2]  38.2  [3]  38.2  [4]  38.2  [5]  38.2  [6]  38.2   |  TOTAL 267.1
fps  [0]  37.2  [1]  37.2  [2]  37.2  [3]  37.2  [4]  37.2  [5]  37.2  [6]  37.2   |  TOTAL 260.4
fps  [0]  37.7  [1]  37.7  [2]  37.7  [3]  37.7  [4]  37.7  [5]  37.7  [6]  37.7   |  TOTAL 264.0
fps  [0]  37.8  [1]  37.8  [2]  37.8  [3]  37.8  [4]  37.8  [5]  37.8  [6]  37.8   |  TOTAL 264.6
fps  [0]  38.7  [1]  38.7  [2]  38.7  [3]  38.7  [4]  38.7  [5]  38.7  [6]  38.7   |  TOTAL 270.7
fps  [0]  37.5  [1]  37.5  [2]  37.5  [3]  37.5  [4]  37.5  [5]  37.5  [6]  37.5   |  TOTAL 262.4
fps  [0]  38.2  [1]  38.2  [2]  38.2  [3]  38.2  [4]  38.2  [5]  38.2  [6]  38.2   |  TOTAL 267.7
fps  [0]  38.2  [1]  38.2  [2]  38.2  [3]  38.2  [4]  38.2  [5]  38.2  [6]  38.2   |  TOTAL 267.2
fps  [0]  39.3  [1]  39.3  [2]  39.3  [3]  39.3  [4]  39.3  [5]  39.3  [6]  39.3   |  TOTAL 274.8
fps  [0]  39.9  [1]  39.9  [2]  39.9  [3]  39.9  [4]  39.9  [5]  39.9  [6]  39.9   |  TOTAL 279.4
fps  [0]  39.6  [1]  39.6  [2]  39.6  [3]  39.6  [4]  39.6  [5]  39.6  [6]  39.6   |  TOTAL 277.0
fps  [0]  38.5  [1]  38.5  [2]  38.5  [3]  38.5  [4]  38.5  [5]  38.5  [6]  38.5   |  TOTAL 269.4
fps  [0]  37.3  [1]  37.3  [2]  37.3  [3]  37.3  [4]  37.3  [5]  37.3  [6]  37.3   |  TOTAL 261.2
fps  [0]  38.7  [1]  38.7  [2]  38.7  [3]  38.7  [4]  38.7  [5]  38.7  [6]  38.7   |  TOTAL 270.6
fps  [0]  40.1  [1]  40.1  [2]  40.1  [3]  40.1  [4]  40.1  [5]  40.1  [6]  40.1   |  TOTAL 281.0
fps  [0]  38.6  [1]  38.6  [2]  38.6  [3]  38.6  [4]  38.6  [5]  38.6  [6]  38.6   |  TOTAL 270.1
fps  [0]  37.6  [1]  37.6  [2]  37.6  [3]  37.6  [4]  37.6  [5]  37.6  [6]  37.6   |  TOTAL 262.9
fps  [0]  37.5  [1]  37.5  [2]  37.5  [3]  37.5  [4]  37.5  [5]  37.5  [6]  37.5   |  TOTAL 262.4
fps  [0]  38.5  [1]  38.5  [2]  38.5  [3]  38.5  [4]  38.5  [5]  38.5  [6]  38.5   |  TOTAL 269.2
fps  [0]  37.4  [1]  37.4  [2]  37.4  [3]  37.4  [4]  37.4  [5]  37.4  [6]  37.4   |  TOTAL 261.8
fps  [0]  36.3  [1]  36.3  [2]  36.3  [3]  36.3  [4]  36.3  [5]  36.3  [6]  36.3   |  TOTAL 254.1
fps  [0]  37.2  [1]  37.2  [2]  37.2  [3]  37.2  [4]  37.2  [5]  37.2  [6]  37.2   |  TOTAL 260.5
fps  [0]  39.0  [1]  39.0  [2]  39.0  [3]  39.0  [4]  39.0  [5]  39.0  [6]  39.0   |  TOTAL 272.9
fps  [0]  38.4  [1]  38.4  [2]  38.4  [3]  38.4  [4]  38.4  [5]  38.4  [6]  38.4   |  TOTAL 268.6
fps  [0]  37.8  [1]  37.8  [2]  37.8  [3]  37.8  [4]  37.8  [5]  37.8  [6]  37.8   |  TOTAL 264.7
[src 0] ended
fps  [0]  38.9  [1]  38.9  [2]  38.9  [3]  38.9  [4]  38.9  [5]  38.9  [6]  38.9   |  TOTAL 272.3
fps  [0]  38.9  [1]  44.5  [2]  44.5  [3]  44.5  [4]  44.5  [5]  44.5  [6]  44.5   |  TOTAL 305.8
fps  [0]   0.0  [1]  43.3  [2]  43.3  [3]  43.3  [4]  43.3  [5]  43.3  [6]  43.3   |  TOTAL 259.9
fps  [0]   0.0  [1]  43.8  [2]  43.8  [3]  43.8  [4]  43.8  [5]  43.8  [6]  43.8   |  TOTAL 262.9
fps  [0]   0.0  [1]  42.9  [2]  42.9  [3]  42.9  [4]  42.9  [5]  42.9  [6]  42.9   |  TOTAL 257.2
fps  [0]   0.0  [1]  43.8  [2]  43.8  [3]  43.8  [4]  43.8  [5]  43.8  [6]  43.8   |  TOTAL 262.8
fps  [0]   0.0  [1]  45.4  [2]  45.4  [3]  45.4  [4]  45.4  [5]  45.4  [6]  45.4   |  TOTAL 272.5
[src 3] ended
[src 1] ended
[src 2] ended
fps  [0]   0.0  [1]  43.5  [2]  43.5  [3]  43.5  [4]  43.5  [5]  43.5  [6]  43.5   |  TOTAL 261.1
fps  [0]   0.0  [1]   6.8  [2]   6.8  [3]  43.5  [4]   6.8  [5]   6.8  [6]   6.8   |  TOTAL 77.3
[src 5] ended
fps  [0]   0.0  [1]   6.8  [2]   6.8  [3]   0.0  [4]  12.1  [5]   1.7  [6]  12.1   |  TOTAL 39.5
fps  [0]   0.0  [1]   0.0  [2]   0.0  [3]   0.0  [4] 120.3  [5]   1.7  [6] 120.3   |  TOTAL 242.4
fps  [0]   0.0  [1]   0.0  [2]   0.0  [3]   0.0  [4] 103.2  [5]   0.0  [6] 103.2   |  TOTAL 206.3
fps  [0]   0.0  [1]   0.0  [2]   0.0  [3]   0.0  [4] 109.8  [5]   0.0  [6] 109.8   |  TOTAL 219.6
fps  [0]   0.0  [1]   0.0  [2]   0.0  [3]   0.0  [4] 117.5  [5]   0.0  [6] 117.5   |  TOTAL 234.9
fps  [0]   0.0  [1]   0.0  [2]   0.0  [3]   0.0  [4] 116.8  [5]   0.0  [6] 116.8   |  TOTAL 233.6
fps  [0]   0.0  [1]   0.0  [2]   0.0  [3]   0.0  [4] 115.5  [5]   0.0  [6] 115.5   |  TOTAL 231.1
fps  [0]   0.0  [1]   0.0  [2]   0.0  [3]   0.0  [4] 119.4  [5]   0.0  [6] 119.4   |  TOTAL 238.8
fps  [0]   0.0  [1]   0.0  [2]   0.0  [3]   0.0  [4] 111.9  [5]   0.0  [6] 111.9   |  TOTAL 223.8
fps  [0]   0.0  [1]   0.0  [2]   0.0  [3]   0.0  [4] 116.8  [5]   0.0  [6] 116.8   |  TOTAL 233.7
fps  [0]   0.0  [1]   0.0  [2]   0.0  [3]   0.0  [4] 116.7  [5]   0.0  [6] 116.7   |  TOTAL 233.5
fps  [0]   0.0  [1]   0.0  [2]   0.0  [3]   0.0  [4] 116.5  [5]   0.0  [6] 116.5   |  TOTAL 233.0
fps  [0]   0.0  [1]   0.0  [2]   0.0  [3]   0.0  [4] 115.5  [5]   0.0  [6] 115.5   |  TOTAL 230.9
fps  [0]   0.0  [1]   0.0  [2]   0.0  [3]   0.0  [4] 116.8  [5]   0.0  [6] 116.8   |  TOTAL 233.5
fps  [0]   0.0  [1]   0.0  [2]   0.0  [3]   0.0  [4] 118.2  [5]   0.0  [6] 118.2   |  TOTAL 236.4
[src 6] ended
fps  [0]   0.0  [1]   0.0  [2]   0.0  [3]   0.0  [4] 118.7  [5]   0.0  [6] 118.7   |  TOTAL 237.5
[src 4] ended
saved /home/omar/luna/rtsp_trt/old.mp4   (1244 frames @ 30 fps)

==============================================================================
stream         frames   detections   active s      avg fps
------------------------------------------------------------------------------
src 0            1501         6414       39.9         37.6
src 1            1800        19323       47.4         37.9
src 2            1800        17372       47.4         37.9
src 3            1799         4327       46.6         38.6
src 4            3624        29182       64.4         56.3
src 5            1808         3537       48.1         37.6
src 6            3610        14621       64.3         56.1
------------------------------------------------------------------------------
TOTAL           15942        94776       65.9        241.9   (aggregate)
==============================================================================
