==============================================================================
  old.py — GStreamer/NVDEC decode + ultralytics yolo11m.pt
  src 0 : /home/omar/misc/mediamtx/streams/cars1.mp4
  src 1 : /home/omar/misc/mediamtx/streams/cars2.mp4
  src 2 : /home/omar/misc/mediamtx/streams/cars3.mp4
  src 3 : /home/omar/misc/mediamtx/streams/dogs1.mp4
  src 4 : /home/omar/misc/mediamtx/streams/people1.mp4
  src 5 : /home/omar/misc/mediamtx/streams/people2.mp4
  src 6 : /home/omar/misc/mediamtx/streams/people3.mp4
  conf 0.50   nms 0.45   imgsz 640   device 0   fp16
  recording -> /home/omar/luna/rtsp_trt/old.mp4   (30 fps playback)
==============================================================================
[src 0] open  /home/omar/misc/mediamtx/streams/cars1.mp4
[src 4] open  /home/omar/misc/mediamtx/streams/people1.mp4
[src 3] open  /home/omar/misc/mediamtx/streams/dogs1.mp4
[src 2] open  /home/omar/misc/mediamtx/streams/cars3.mp4
[src 1] open  /home/omar/misc/mediamtx/streams/cars2.mp4
[src 5] open  /home/omar/misc/mediamtx/streams/people2.mp4
[src 6] open  /home/omar/misc/mediamtx/streams/people3.mp4
fps  [0]   0.0  [1]   0.0  [2]   0.0  [3]   0.0  [4]   0.0  [5]   0.0  [6]   0.0   |  TOTAL 0.0
fps  [0]   0.0  [1]   0.0  [2]   0.0  [3]   0.0  [4]   0.0  [5]   0.0  [6]   0.0   |  TOTAL 0.0
fps  [0]  21.6  [1]  21.6  [2]  21.6  [3]  21.6  [4]  21.6  [5]  21.6  [6]  21.6   |  TOTAL 151.4
fps  [0]  22.5  [1]  22.5  [2]  22.5  [3]  22.5  [4]  22.5  [5]  22.5  [6]  22.5   |  TOTAL 157.3
fps  [0]  22.4  [1]  22.4  [2]  22.4  [3]  22.4  [4]  22.4  [5]  22.4  [6]  22.4   |  TOTAL 157.1
fps  [0]  22.4  [1]  22.4  [2]  22.4  [3]  22.4  [4]  22.4  [5]  22.4  [6]  22.4   |  TOTAL 156.9
fps  [0]  22.4  [1]  22.4  [2]  22.4  [3]  22.4  [4]  22.4  [5]  22.4  [6]  22.4   |  TOTAL 156.7
fps  [0]  22.2  [1]  22.2  [2]  22.2  [3]  22.2  [4]  22.2  [5]  22.2  [6]  22.2   |  TOTAL 155.5
fps  [0]  21.7  [1]  21.7  [2]  21.7  [3]  21.7  [4]  21.7  [5]  21.7  [6]  21.7   |  TOTAL 152.2
fps  [0]  22.2  [1]  22.2  [2]  22.2  [3]  22.2  [4]  22.2  [5]  22.2  [6]  22.2   |  TOTAL 155.6
fps  [0]  21.9  [1]  21.9  [2]  21.9  [3]  21.9  [4]  21.9  [5]  21.9  [6]  21.9   |  TOTAL 153.4
fps  [0]  22.0  [1]  22.0  [2]  22.0  [3]  22.0  [4]  22.0  [5]  22.0  [6]  22.0   |  TOTAL 153.9
fps  [0]  22.5  [1]  22.5  [2]  22.5  [3]  22.5  [4]  22.5  [5]  22.5  [6]  22.5   |  TOTAL 157.3
fps  [0]  22.3  [1]  22.3  [2]  22.3  [3]  22.3  [4]  22.3  [5]  22.3  [6]  22.3   |  TOTAL 155.8
fps  [0]  22.0  [1]  22.0  [2]  22.0  [3]  22.0  [4]  22.0  [5]  22.0  [6]  22.0   |  TOTAL 154.3
fps  [0]  22.2  [1]  22.2  [2]  22.2  [3]  22.2  [4]  22.2  [5]  22.2  [6]  22.2   |  TOTAL 155.4
fps  [0]  21.8  [1]  21.8  [2]  21.8  [3]  21.8  [4]  21.8  [5]  21.8  [6]  21.8   |  TOTAL 152.8
fps  [0]  22.4  [1]  22.4  [2]  22.4  [3]  22.4  [4]  22.4  [5]  22.4  [6]  22.4   |  TOTAL 156.6
fps  [0]  22.1  [1]  22.1  [2]  22.1  [3]  22.1  [4]  22.1  [5]  22.1  [6]  22.1   |  TOTAL 154.4
fps  [0]  22.4  [1]  22.4  [2]  22.4  [3]  22.4  [4]  22.4  [5]  22.4  [6]  22.4   |  TOTAL 156.5
fps  [0]  22.1  [1]  22.1  [2]  22.1  [3]  22.1  [4]  22.1  [5]  22.1  [6]  22.1   |  TOTAL 154.7
fps  [0]  23.0  [1]  23.0  [2]  23.0  [3]  23.0  [4]  23.0  [5]  23.0  [6]  23.0   |  TOTAL 160.8
fps  [0]  22.6  [1]  22.6  [2]  22.6  [3]  22.6  [4]  22.6  [5]  22.6  [6]  22.6   |  TOTAL 158.4
fps  [0]  23.5  [1]  23.5  [2]  23.5  [3]  23.5  [4]  23.5  [5]  23.5  [6]  23.5   |  TOTAL 164.8
fps  [0]  22.2  [1]  22.2  [2]  22.2  [3]  22.2  [4]  22.2  [5]  22.2  [6]  22.2   |  TOTAL 155.6
fps  [0]  22.4  [1]  22.4  [2]  22.4  [3]  22.4  [4]  22.4  [5]  22.4  [6]  22.4   |  TOTAL 156.7
fps  [0]  22.5  [1]  22.5  [2]  22.5  [3]  22.5  [4]  22.5  [5]  22.5  [6]  22.5   |  TOTAL 157.3
fps  [0]  22.3  [1]  22.3  [2]  22.3  [3]  22.3  [4]  22.3  [5]  22.3  [6]  22.3   |  TOTAL 155.8
fps  [0]  22.0  [1]  22.0  [2]  22.0  [3]  22.0  [4]  22.0  [5]  22.0  [6]  22.0   |  TOTAL 153.9
fps  [0]  22.2  [1]  22.2  [2]  22.2  [3]  22.2  [4]  22.2  [5]  22.2  [6]  22.2   |  TOTAL 155.5
fps  [0]  22.1  [1]  22.1  [2]  22.1  [3]  22.1  [4]  22.1  [5]  22.1  [6]  22.1   |  TOTAL 154.7
fps  [0]  22.7  [1]  22.7  [2]  22.7  [3]  22.7  [4]  22.7  [5]  22.7  [6]  22.7   |  TOTAL 158.8
fps  [0]  22.5  [1]  22.5  [2]  22.5  [3]  22.5  [4]  22.5  [5]  22.5  [6]  22.5   |  TOTAL 157.8
fps  [0]  21.8  [1]  21.8  [2]  21.8  [3]  21.8  [4]  21.8  [5]  21.8  [6]  21.8   |  TOTAL 152.6
fps  [0]  21.9  [1]  21.9  [2]  21.9  [3]  21.9  [4]  21.9  [5]  21.9  [6]  21.9   |  TOTAL 153.3
fps  [0]  22.1  [1]  22.1  [2]  22.1  [3]  22.1  [4]  22.1  [5]  22.1  [6]  22.1   |  TOTAL 154.6
fps  [0]  22.4  [1]  22.4  [2]  22.4  [3]  22.4  [4]  22.4  [5]  22.4  [6]  22.4   |  TOTAL 156.5
fps  [0]  22.6  [1]  22.6  [2]  22.6  [3]  22.6  [4]  22.6  [5]  22.6  [6]  22.6   |  TOTAL 158.4
fps  [0]  21.8  [1]  21.8  [2]  21.8  [3]  21.8  [4]  21.8  [5]  21.8  [6]  21.8   |  TOTAL 152.3
fps  [0]  22.1  [1]  22.1  [2]  22.1  [3]  22.1  [4]  22.1  [5]  22.1  [6]  22.1   |  TOTAL 154.7
fps  [0]  21.6  [1]  21.6  [2]  21.6  [3]  21.6  [4]  21.6  [5]  21.6  [6]  21.6   |  TOTAL 151.4
fps  [0]  22.6  [1]  22.6  [2]  22.6  [3]  22.6  [4]  22.6  [5]  22.6  [6]  22.6   |  TOTAL 158.4
fps  [0]  22.6  [1]  22.6  [2]  22.6  [3]  22.6  [4]  22.6  [5]  22.6  [6]  22.6   |  TOTAL 158.5
fps  [0]  22.0  [1]  22.0  [2]  22.0  [3]  22.0  [4]  22.0  [5]  22.0  [6]  22.0   |  TOTAL 154.1
fps  [0]  22.9  [1]  22.9  [2]  22.9  [3]  22.9  [4]  22.9  [5]  22.9  [6]  22.9   |  TOTAL 160.2
fps  [0]  23.5  [1]  23.5  [2]  23.5  [3]  23.5  [4]  23.5  [5]  23.5  [6]  23.5   |  TOTAL 164.4
fps  [0]  22.3  [1]  22.3  [2]  22.3  [3]  22.3  [4]  22.3  [5]  22.3  [6]  22.3   |  TOTAL 156.3
fps  [0]  22.6  [1]  22.6  [2]  22.6  [3]  22.6  [4]  22.6  [5]  22.6  [6]  22.6   |  TOTAL 158.4
fps  [0]  21.9  [1]  21.9  [2]  21.9  [3]  21.9  [4]  21.9  [5]  21.9  [6]  21.9   |  TOTAL 153.6
fps  [0]  22.5  [1]  22.5  [2]  22.5  [3]  22.5  [4]  22.5  [5]  22.5  [6]  22.5   |  TOTAL 157.6
fps  [0]  22.6  [1]  22.6  [2]  22.6  [3]  22.6  [4]  22.6  [5]  22.6  [6]  22.6   |  TOTAL 158.3
fps  [0]  22.6  [1]  22.6  [2]  22.6  [3]  22.6  [4]  22.6  [5]  22.6  [6]  22.6   |  TOTAL 158.0
fps  [0]  22.8  [1]  22.8  [2]  22.8  [3]  22.8  [4]  22.8  [5]  22.8  [6]  22.8   |  TOTAL 159.6
fps  [0]  22.4  [1]  22.4  [2]  22.4  [3]  22.4  [4]  22.4  [5]  22.4  [6]  22.4   |  TOTAL 156.8
fps  [0]  22.3  [1]  22.3  [2]  22.3  [3]  22.3  [4]  22.3  [5]  22.3  [6]  22.3   |  TOTAL 156.1
fps  [0]  23.0  [1]  23.0  [2]  23.0  [3]  23.0  [4]  23.0  [5]  23.0  [6]  23.0   |  TOTAL 161.1
fps  [0]  22.3  [1]  22.3  [2]  22.3  [3]  22.3  [4]  22.3  [5]  22.3  [6]  22.3   |  TOTAL 156.0
fps  [0]  21.9  [1]  21.9  [2]  21.9  [3]  21.9  [4]  21.9  [5]  21.9  [6]  21.9   |  TOTAL 153.0
fps  [0]  22.4  [1]  22.4  [2]  22.4  [3]  22.4  [4]  22.4  [5]  22.4  [6]  22.4   |  TOTAL 156.5
fps  [0]  22.0  [1]  22.0  [2]  22.0  [3]  22.0  [4]  22.0  [5]  22.0  [6]  22.0   |  TOTAL 153.9
fps  [0]  22.1  [1]  22.1  [2]  22.1  [3]  22.1  [4]  22.1  [5]  22.1  [6]  22.1   |  TOTAL 154.5
fps  [0]  22.5  [1]  22.5  [2]  22.5  [3]  22.5  [4]  22.5  [5]  22.5  [6]  22.5   |  TOTAL 157.6
fps  [0]  22.0  [1]  22.0  [2]  22.0  [3]  22.0  [4]  22.0  [5]  22.0  [6]  22.0   |  TOTAL 153.9
fps  [0]  22.5  [1]  22.5  [2]  22.5  [3]  22.5  [4]  22.5  [5]  22.5  [6]  22.5   |  TOTAL 157.2
fps  [0]  22.8  [1]  22.8  [2]  22.8  [3]  22.8  [4]  22.8  [5]  22.8  [6]  22.8   |  TOTAL 159.7
fps  [0]  23.5  [1]  23.5  [2]  23.5  [3]  23.5  [4]  23.5  [5]  23.5  [6]  23.5   |  TOTAL 164.8
fps  [0]  22.3  [1]  22.3  [2]  22.3  [3]  22.3  [4]  22.3  [5]  22.3  [6]  22.3   |  TOTAL 156.1
[src 0] ended
fps  [0]  22.4  [1]  22.4  [2]  22.4  [3]  22.4  [4]  22.4  [5]  22.4  [6]  22.4   |  TOTAL 157.1
fps  [0]  22.4  [1]  26.3  [2]  26.3  [3]  26.3  [4]  26.3  [5]  26.3  [6]  26.3   |  TOTAL 180.3
fps  [0]   0.0  [1]  27.2  [2]  27.2  [3]  27.2  [4]  27.2  [5]  27.2  [6]  27.2   |  TOTAL 163.1

interrupted
[src 3] ended
[src 5] ended
[src 1] ended
[src 2] ended
[src 4] ended
[src 6] ended
saved /home/omar/luna/rtsp_trt/old.mp4   (1411 frames @ 30 fps)

==============================================================================
stream         frames   detections   active s      avg fps
------------------------------------------------------------------------------
src 0            1501         8452       67.7         22.2
src 1            1565        18290       70.1         22.3
src 2            1565        21454       70.1         22.3
src 3            1565         5981       70.1         22.3
src 4            1565        19609       70.1         22.3
src 5            1565         8027       70.1         22.3
src 6            1565         8216       70.1         22.3
------------------------------------------------------------------------------
TOTAL           10891        90029       71.4        152.5   (aggregate)
==============================================================================
